[Mon Apr 29 12:42:16.990555 2024] [fcgid:warn] [pid 1893953:tid 121347431606016] [remote 82.40.67.87:57624] mod_fcgid: stderr: setting hooks for activation sna deactivation, referer: https://t13.cjmoseley.co.uk/wp-admin/post.php?post=14&action=edit
[Mon Apr 29 12:42:21.946219 2024] [fcgid:warn] [pid 1893953:tid 121347137259264] [remote 82.40.67.87:57624] mod_fcgid: stderr: setting hooks for activation sna deactivation, referer: https://t13.cjmoseley.co.uk/wp-admin/post.php?post=49&action=edit
[Mon Apr 29 12:42:25.947471 2024] [fcgid:warn] [pid 1893953:tid 121347484669696] [remote 82.40.67.87:57624] mod_fcgid: stderr: setting hooks for activation sna deactivation, referer: https://t13.cjmoseley.co.uk/wp-admin/post.php?post=24&action=edit
[Mon Apr 29 12:42:26.970515 2024] [fcgid:warn] [pid 1893953:tid 121348608173824] [remote 82.40.67.87:57624] mod_fcgid: stderr: setting hooks for activation sna deactivation, referer: https://t13.cjmoseley.co.uk/wp-admin/edit.php?post_type=rules&paged=1
[Mon Apr 29 12:42:31.969561 2024] [fcgid:warn] [pid 1893953:tid 121348617131776] [remote 82.40.67.87:57624] mod_fcgid: stderr: setting hooks for activation sna deactivation, referer: https://t13.cjmoseley.co.uk/wp-admin/post.php?post=8&action=edit
[Mon Apr 29 12:42:43.500749 2024] [fcgid:warn] [pid 1893953:tid 121347234719488] [remote 82.40.67.87:57653] mod_fcgid: stderr: setting hooks for activation sna deactivation, referer: https://t13.cjmoseley.co.uk/wp-admin/post.php?post=24&action=edit
[Mon Apr 29 12:42:50.153954 2024] [fcgid:warn] [pid 1893953:tid 121348590319360] [remote 82.40.67.87:57655] mod_fcgid: stderr: setting hooks for activation sna deactivation, referer: https://t13.cjmoseley.co.uk/wp-admin/site-editor.php?canvas=edit
[Mon Apr 29 12:43:14.302288 2024] [fcgid:warn] [pid 1893953:tid 121336977422080] [client 173.236.246.240:35044] mod_fcgid: stderr: setting hooks for activation sna deactivation
[Mon Apr 29 12:43:14.343054 2024] [fcgid:warn] [pid 1893953:tid 121347537565440] [remote 82.40.67.87:57662] mod_fcgid: stderr: setting hooks for activation sna deactivation, referer: https://t13.cjmoseley.co.uk/wp-admin/post-new.php?post_type=rules
[Mon Apr 29 12:43:14.770806 2024] [fcgid:warn] [pid 1893953:tid 121347448923904] [remote 82.40.67.87:57662] mod_fcgid: stderr: setting hooks for activation sna deactivation, referer: https://t13.cjmoseley.co.uk/wp-admin/post-new.php?post_type=rules
[Mon Apr 29 12:43:15.890580 2024] [fcgid:warn] [pid 1893953:tid 121335323649792] [client 173.236.246.240:35054] mod_fcgid: stderr: setting hooks for activation sna deactivation
[Mon Apr 29 12:43:16.938004 2024] [fcgid:warn] [pid 1893953:tid 121348564227840] [remote 82.40.67.87:57662] mod_fcgid: stderr: setting hooks for activation sna deactivation, referer: https://t13.cjmoseley.co.uk/wp-admin/post.php?post=14&action=edit
[Mon Apr 29 12:43:27.204203 2024] [fcgid:warn] [pid 2293983:tid 121348491437824] [remote 82.40.67.87:57665] mod_fcgid: stderr: setting hooks for activation sna deactivation, referer: https://t13.cjmoseley.co.uk/wp-admin/post.php?post=24&action=edit
[Mon Apr 29 12:44:13.729781 2024] [fcgid:warn] [pid 2293983:tid 121347403499264] [remote 82.40.67.87:57686] mod_fcgid: stderr: setting hooks for activation sna deactivation, referer: https://t13.cjmoseley.co.uk/wp-admin/post.php?post=1885&action=edit
[Mon Apr 29 12:44:14.245705 2024] [fcgid:warn] [pid 2293983:tid 121346068973312] [client 173.236.246.240:44466] mod_fcgid: stderr: setting hooks for activation sna deactivation
[Mon Apr 29 12:44:14.300234 2024] [fcgid:warn] [pid 2293983:tid 121347394615040] [remote 82.40.67.87:57686] mod_fcgid: stderr: setting hooks for activation sna deactivation, referer: https://t13.cjmoseley.co.uk/wp-admin/post.php?post=1885&action=edit
[Mon Apr 29 12:44:15.334337 2024] [fcgid:warn] [pid 2293983:tid 121345566934784] [client 173.236.246.240:44468] mod_fcgid: stderr: setting hooks for activation sna deactivation
[Mon Apr 29 12:44:23.635054 2024] [fcgid:warn] [pid 2293983:tid 121335341176576] [client 173.236.246.240:34448] mod_fcgid: stderr: setting hooks for activation sna deactivation
[Mon Apr 29 12:44:23.669866 2024] [fcgid:warn] [pid 2293983:tid 121348635395840] [remote 82.40.67.87:57700] mod_fcgid: stderr: setting hooks for activation sna deactivation, referer: https://t13.cjmoseley.co.uk/wp-admin/post.php?post=49&action=edit
[Mon Apr 29 12:44:27.035557 2024] [fcgid:warn] [pid 2293983:tid 121348510136064] [remote 82.40.67.87:57700] mod_fcgid: stderr: setting hooks for activation sna deactivation, referer: https://t13.cjmoseley.co.uk/wp-admin/post.php?post=1885&action=edit
[Mon Apr 29 12:44:28.389910 2024] [fcgid:warn] [pid 2293983:tid 121344457852672] [client 173.236.246.240:53010] mod_fcgid: stderr: setting hooks for activation sna deactivation
[Mon Apr 29 12:44:28.779160 2024] [fcgid:warn] [pid 2293983:tid 121348429285120] [remote 82.40.67.87:57700] mod_fcgid: stderr: setting hooks for activation sna deactivation, referer: https://t13.cjmoseley.co.uk/wp-admin/post.php?post=1885&action=edit
[Mon Apr 29 12:44:28.942069 2024] [fcgid:warn] [pid 2293983:tid 121348491437824] [remote 82.40.67.87:57700] mod_fcgid: stderr: setting hooks for activation sna deactivation, referer: https://t13.cjmoseley.co.uk/wp-admin/edit.php?post_type=rules&paged=1
[Mon Apr 29 12:44:29.516007 2024] [fcgid:warn] [pid 2293983:tid 121348402849536] [remote 82.40.67.87:57700] mod_fcgid: stderr: setting hooks for activation sna deactivation, referer: https://t13.cjmoseley.co.uk/?post_type=rules&p=1885&preview=true
[Mon Apr 29 12:44:29.644585 2024] [fcgid:warn] [pid 2293983:tid 121348394366720] [remote 82.40.67.87:57700] mod_fcgid: stderr: setting hooks for activation sna deactivation, referer: https://t13.cjmoseley.co.uk/?post_type=rules&p=1885&preview=true
[Mon Apr 29 12:44:35.568568 2024] [fcgid:warn] [pid 2293983:tid 121348251805440] [remote 82.40.67.87:57710] mod_fcgid: stderr: setting hooks for activation sna deactivation, referer: https://t13.cjmoseley.co.uk/wp-admin/post.php?post=8&action=edit
[Mon Apr 29 12:44:51.157164 2024] [fcgid:warn] [pid 2293983:tid 121347869038336] [remote 82.40.67.87:57711] mod_fcgid: stderr: setting hooks for activation sna deactivation, referer: https://t13.cjmoseley.co.uk/wp-admin/site-editor.php?canvas=edit
[Mon Apr 29 12:45:13.690175 2024] [fcgid:warn] [pid 2293983:tid 121347440449280] [remote 82.40.67.87:57718] mod_fcgid: stderr: setting hooks for activation sna deactivation, referer: https://t13.cjmoseley.co.uk/wp-admin/post.php?post=1885&action=edit
[Mon Apr 29 12:45:14.237121 2024] [fcgid:warn] [pid 2293983:tid 121334812694272] [client 173.236.246.240:43314] mod_fcgid: stderr: setting hooks for activation sna deactivation
[Mon Apr 29 12:45:14.296504 2024] [fcgid:warn] [pid 2293983:tid 121347431671552] [remote 82.40.67.87:57718] mod_fcgid: stderr: setting hooks for activation sna deactivation, referer: https://t13.cjmoseley.co.uk/wp-admin/post.php?post=1885&action=edit
[Mon Apr 29 12:45:14.296567 2024] [fcgid:warn] [pid 2293983:tid 121347431671552] [remote 82.40.67.87:57718] mod_fcgid: stderr: underOver, referer: https://t13.cjmoseley.co.uk/wp-admin/post.php?post=1885&action=edit
[Mon Apr 29 12:45:15.311060 2024] [fcgid:warn] [pid 2293983:tid 121347075483392] [client 173.236.246.240:43326] mod_fcgid: stderr: setting hooks for activation sna deactivation
[Mon Apr 29 12:45:17.973292 2024] [fcgid:warn] [pid 2293983:tid 121347306239744] [remote 82.40.67.87:57718] mod_fcgid: stderr: setting hooks for activation sna deactivation, referer: https://t13.cjmoseley.co.uk/wp-admin/post.php?post=14&action=edit
[Mon Apr 29 12:45:28.266542 2024] [fcgid:warn] [pid 2293983:tid 121348616701696] [remote 82.40.67.87:57727] mod_fcgid: stderr: setting hooks for activation sna deactivation, referer: https://t13.cjmoseley.co.uk/wp-admin/post.php?post=24&action=edit
[Mon Apr 29 12:46:13.680452 2024] [fcgid:warn] [pid 2293983:tid 121347646007040] [remote 82.40.67.87:57748] mod_fcgid: stderr: setting hooks for activation sna deactivation, referer: https://t13.cjmoseley.co.uk/wp-admin/post.php?post=1885&action=edit
[Mon Apr 29 12:46:14.167225 2024] [fcgid:warn] [pid 2293983:tid 121339134281472] [client 173.236.246.240:45598] mod_fcgid: stderr: setting hooks for activation sna deactivation
[Mon Apr 29 12:46:14.242770 2024] [fcgid:warn] [pid 2293983:tid 121347602315008] [remote 82.40.67.87:57748] mod_fcgid: stderr: setting hooks for activation sna deactivation, referer: https://t13.cjmoseley.co.uk/wp-admin/post.php?post=1885&action=edit
[Mon Apr 29 12:46:14.242833 2024] [fcgid:warn] [pid 2293983:tid 121347602315008] [remote 82.40.67.87:57748] mod_fcgid: stderr: underOver, referer: https://t13.cjmoseley.co.uk/wp-admin/post.php?post=1885&action=edit
[Mon Apr 29 12:46:15.282749 2024] [fcgid:warn] [pid 2293983:tid 121340152596224] [client 173.236.246.240:45606] mod_fcgid: stderr: setting hooks for activation sna deactivation
[Mon Apr 29 12:46:24.142288 2024] [fcgid:warn] [pid 2293983:tid 121348528781056] [remote 82.40.67.87:57750] mod_fcgid: stderr: setting hooks for activation sna deactivation, referer: https://t13.cjmoseley.co.uk/wp-admin/post.php?post=49&action=edit
[Mon Apr 29 12:46:28.941665 2024] [fcgid:warn] [pid 2293983:tid 121348118935296] [remote 82.40.67.87:57750] mod_fcgid: stderr: setting hooks for activation sna deactivation, referer: https://t13.cjmoseley.co.uk/wp-admin/edit.php?post_type=rules&paged=1
[Mon Apr 29 12:46:36.173538 2024] [fcgid:warn] [pid 2293983:tid 121347957520128] [remote 82.40.67.87:57757] mod_fcgid: stderr: setting hooks for activation sna deactivation, referer: https://t13.cjmoseley.co.uk/wp-admin/post.php?post=8&action=edit
[Mon Apr 29 12:46:52.165996 2024] [fcgid:warn] [pid 2293983:tid 121347681683200] [remote 82.40.67.87:57763] mod_fcgid: stderr: setting hooks for activation sna deactivation, referer: https://t13.cjmoseley.co.uk/wp-admin/site-editor.php?canvas=edit
[Mon Apr 29 12:47:13.749377 2024] [fcgid:warn] [pid 2293983:tid 121347664303872] [remote 82.40.67.87:57770] mod_fcgid: stderr: setting hooks for activation sna deactivation, referer: https://t13.cjmoseley.co.uk/wp-admin/post.php?post=1885&action=edit
[Mon Apr 29 12:47:14.261193 2024] [fcgid:warn] [pid 2293983:tid 121345030444800] [client 173.236.246.240:40630] mod_fcgid: stderr: setting hooks for activation sna deactivation
[Mon Apr 29 12:47:14.312786 2024] [fcgid:warn] [pid 2293983:tid 121347629037312] [remote 82.40.67.87:57770] mod_fcgid: stderr: setting hooks for activation sna deactivation, referer: https://t13.cjmoseley.co.uk/wp-admin/post.php?post=1885&action=edit
[Mon Apr 29 12:47:15.311360 2024] [fcgid:warn] [pid 2293983:tid 121346680727296] [client 173.236.246.240:40634] mod_fcgid: stderr: setting hooks for activation sna deactivation
[Mon Apr 29 12:47:18.955222 2024] [fcgid:warn] [pid 2293983:tid 121347583596288] [remote 82.40.67.87:57770] mod_fcgid: stderr: setting hooks for activation sna deactivation, referer: https://t13.cjmoseley.co.uk/wp-admin/post.php?post=14&action=edit
[Mon Apr 29 12:47:29.175444 2024] [fcgid:warn] [pid 2293983:tid 121348608288512] [remote 82.40.67.87:57775] mod_fcgid: stderr: setting hooks for activation sna deactivation, referer: https://t13.cjmoseley.co.uk/wp-admin/post.php?post=24&action=edit
[Mon Apr 29 12:48:13.794945 2024] [fcgid:warn] [pid 2293983:tid 121347611203328] [remote 82.40.67.87:57788] mod_fcgid: stderr: setting hooks for activation sna deactivation, referer: https://t13.cjmoseley.co.uk/wp-admin/post.php?post=1885&action=edit
[Mon Apr 29 12:48:14.731099 2024] [fcgid:warn] [pid 2293983:tid 121347575080704] [remote 82.40.67.87:57788] mod_fcgid: stderr: setting hooks for activation sna deactivation, referer: https://t13.cjmoseley.co.uk/wp-admin/post.php?post=1885&action=edit
[Mon Apr 29 12:48:15.261830 2024] [fcgid:warn] [pid 2293983:tid 121339124860672] [client 173.236.246.240:54560] mod_fcgid: stderr: setting hooks for activation sna deactivation
[Mon Apr 29 12:48:15.864272 2024] [fcgid:warn] [pid 2293983:tid 121345566934784] [client 173.236.246.240:54570] mod_fcgid: stderr: setting hooks for activation sna deactivation
[Mon Apr 29 12:48:25.167799 2024] [fcgid:warn] [pid 2293983:tid 121347556484864] [remote 82.40.67.87:57790] mod_fcgid: stderr: setting hooks for activation sna deactivation, referer: https://t13.cjmoseley.co.uk/wp-admin/post.php?post=49&action=edit
[Mon Apr 29 12:48:29.951113 2024] [fcgid:warn] [pid 2293983:tid 121347163580160] [remote 82.40.67.87:57790] mod_fcgid: stderr: setting hooks for activation sna deactivation, referer: https://t13.cjmoseley.co.uk/wp-admin/edit.php?post_type=rules&paged=1
[Mon Apr 29 12:48:37.165820 2024] [fcgid:warn] [pid 2293983:tid 121348510136064] [remote 82.40.67.87:57796] mod_fcgid: stderr: setting hooks for activation sna deactivation, referer: https://t13.cjmoseley.co.uk/wp-admin/post.php?post=8&action=edit
[Mon Apr 29 12:48:53.205231 2024] [fcgid:warn] [pid 2293983:tid 121347921413888] [remote 82.40.67.87:57801] mod_fcgid: stderr: setting hooks for activation sna deactivation, referer: https://t13.cjmoseley.co.uk/wp-admin/site-editor.php?canvas=edit
[Mon Apr 29 12:49:14.735569 2024] [fcgid:warn] [pid 2293983:tid 121347278370560] [remote 82.40.67.87:57806] mod_fcgid: stderr: setting hooks for activation sna deactivation, referer: https://t13.cjmoseley.co.uk/wp-admin/post.php?post=1885&action=edit
[Mon Apr 29 12:49:14.763102 2024] [fcgid:warn] [pid 2293983:tid 121347556484864] [remote 82.40.67.87:57806] mod_fcgid: stderr: setting hooks for activation sna deactivation, referer: https://t13.cjmoseley.co.uk/wp-admin/post.php?post=1885&action=edit
[Mon Apr 29 12:49:14.763138 2024] [fcgid:warn] [pid 2293983:tid 121347556484864] [remote 82.40.67.87:57806] mod_fcgid: stderr: underOver, referer: https://t13.cjmoseley.co.uk/wp-admin/post.php?post=1885&action=edit
[Mon Apr 29 12:49:14.763141 2024] [fcgid:warn] [pid 2293983:tid 121347556484864] [remote 82.40.67.87:57806] mod_fcgid: stderr: PHP Warning:  Undefined array key 0 in /home/dh_tru4rg/t13.cjmoseley.co.uk/wp-content/plugins/t13ne/includes/class-t13-ne-types.php on line 14668, referer: https://t13.cjmoseley.co.uk/wp-admin/post.php?post=1885&action=edit
[Mon Apr 29 12:49:14.763148 2024] [fcgid:warn] [pid 2293983:tid 121347556484864] [remote 82.40.67.87:57806] mod_fcgid: stderr: PHP Warning:  Array to string conversion in /home/dh_tru4rg/t13.cjmoseley.co.uk/wp-content/plugins/t13ne/includes/class-t13-ne-cards.php on line 2188, referer: https://t13.cjmoseley.co.uk/wp-admin/post.php?post=1885&action=edit
[Mon Apr 29 12:49:14.763150 2024] [fcgid:warn] [pid 2293983:tid 121347556484864] [remote 82.40.67.87:57806] mod_fcgid: stderr: PHP Fatal error:  Uncaught TypeError: Illegal offset type in /home/dh_tru4rg/t13.cjmoseley.co.uk/wp-content/plugins/t13ne/includes/class-t13-ne-cards.php:2192, referer: https://t13.cjmoseley.co.uk/wp-admin/post.php?post=1885&action=edit
[Mon Apr 29 12:49:14.763153 2024] [fcgid:warn] [pid 2293983:tid 121347556484864] [remote 82.40.67.87:57806] mod_fcgid: stderr: Stack trace:, referer: https://t13.cjmoseley.co.uk/wp-admin/post.php?post=1885&action=edit
[Mon Apr 29 12:49:14.763155 2024] [fcgid:warn] [pid 2293983:tid 121347556484864] [remote 82.40.67.87:57806] mod_fcgid: stderr: #0 /home/dh_tru4rg/t13.cjmoseley.co.uk/wp-content/plugins/t13ne/includes/class-t13-ne-cards.php(3053): T13Cards::conflictspread('Simple', Array), referer: https://t13.cjmoseley.co.uk/wp-admin/post.php?post=1885&action=edit
[Mon Apr 29 12:49:14.763157 2024] [fcgid:warn] [pid 2293983:tid 121347556484864] [remote 82.40.67.87:57806] mod_fcgid: stderr: #1 /home/dh_tru4rg/t13.cjmoseley.co.uk/wp-content/plugins/t13ne/includes/class-t13-ne-display.php(447): T13Cards::dealspread('simple', Array, '5', 8), referer: https://t13.cjmoseley.co.uk/wp-admin/post.php?post=1885&action=edit
[Mon Apr 29 12:49:14.763159 2024] [fcgid:warn] [pid 2293983:tid 121347556484864] [remote 82.40.67.87:57806] mod_fcgid: stderr: #2 /home/dh_tru4rg/t13.cjmoseley.co.uk/wp-includes/shortcodes.php(433): T13_Ne_Display->t13ne_shortcode(Array, '', 't13ne'), referer: https://t13.cjmoseley.co.uk/wp-admin/post.php?post=1885&action=edit
[Mon Apr 29 12:49:14.763163 2024] [fcgid:warn] [pid 2293983:tid 121347556484864] [remote 82.40.67.87:57806] mod_fcgid: stderr: #3 [internal function]: do_shortcode_tag(Array), referer: https://t13.cjmoseley.co.uk/wp-admin/post.php?post=1885&action=edit
[Mon Apr 29 12:49:14.763165 2024] [fcgid:warn] [pid 2293983:tid 121347556484864] [remote 82.40.67.87:57806] mod_fcgid: stderr: #4 /home/dh_tru4rg/t13.cjmoseley.co.uk/wp-includes/shortcodes.php(273): preg_replace_callback('/\\\\[(\\\\[?)(t13ne)...', 'do_shortcode_ta...', '\\n<p>Conflict sp...'), referer: https://t13.cjmoseley.co.uk/wp-admin/post.php?post=1885&action=edit
[Mon Apr 29 12:49:14.763168 2024] [fcgid:warn] [pid 2293983:tid 121347556484864] [remote 82.40.67.87:57806] mod_fcgid: stderr: #5 /home/dh_tru4rg/t13.cjmoseley.co.uk/wp-includes/class-wp-hook.php(324): do_shortcode('\\n<p>Conflict sp...'), referer: https://t13.cjmoseley.co.uk/wp-admin/post.php?post=1885&action=edit
[Mon Apr 29 12:49:14.763170 2024] [fcgid:warn] [pid 2293983:tid 121347556484864] [remote 82.40.67.87:57806] mod_fcgid: stderr: #6 /home/dh_tru4rg/t13.cjmoseley.co.uk/wp-includes/plugin.php(205): WP_Hook->apply_filters('\\n<p>Conflict sp...', Array), referer: https://t13.cjmoseley.co.uk/wp-admin/post.php?post=1885&action=edit
[Mon Apr 29 12:49:14.763172 2024] [fcgid:warn] [pid 2293983:tid 121347556484864] [remote 82.40.67.87:57806] mod_fcgid: stderr: #7 /home/dh_tru4rg/t13.cjmoseley.co.uk/wp-includes/rest-api/endpoints/class-wp-rest-revisions-controller.php(632): apply_filters('the_content', '<!-- wp:paragra...'), referer: https://t13.cjmoseley.co.uk/wp-admin/post.php?post=1885&action=edit
[Mon Apr 29 12:49:14.763175 2024] [fcgid:warn] [pid 2293983:tid 121347556484864] [remote 82.40.67.87:57806] mod_fcgid: stderr: #8 /home/dh_tru4rg/t13.cjmoseley.co.uk/wp-includes/rest-api/endpoints/class-wp-rest-autosaves-controller.php(451): WP_REST_Revisions_Controller->prepare_item_for_response(Object(WP_Post), Object(WP_REST_Request)), referer: https://t13.cjmoseley.co.uk/wp-admin/post.php?post=1885&action=edit
[Mon Apr 29 12:49:14.763179 2024] [fcgid:warn] [pid 2293983:tid 121347556484864] [remote 82.40.67.87:57806] mod_fcgid: stderr: #9 /home/dh_tru4rg/t13.cjmoseley.co.uk/wp-includes/rest-api/endpoints/class-wp-rest-autosaves-controller.php(253): WP_REST_Autosaves_Controller->prepare_item_for_response(Object(WP_Post), Object(WP_REST_Request)), referer: https://t13.cjmoseley.co.uk/wp-admin/post.php?post=1885&action=edit
[Mon Apr 29 12:49:14.763181 2024] [fcgid:warn] [pid 2293983:tid 121347556484864] [remote 82.40.67.87:57806] mod_fcgid: stderr: #10 /home/dh_tru4rg/t13.cjmoseley.co.uk/wp-includes/rest-api/class-wp-rest-server.php(1230): WP_REST_Autosaves_Controller->create_item(Object(WP_REST_Request)), referer: https://t13.cjmoseley.co.uk/wp-admin/post.php?post=1885&action=edit
[Mon Apr 29 12:49:14.763185 2024] [fcgid:warn] [pid 2293983:tid 121347556484864] [remote 82.40.67.87:57806] mod_fcgid: stderr: #11 /home/dh_tru4rg/t13.cjmoseley.co.uk/wp-includes/rest-api/class-wp-rest-server.php(1063): WP_REST_Server->respond_to_request(Object(WP_REST_Request), '/wp/v2/rules/(?...', Array, NULL), referer: https://t13.cjmoseley.co.uk/wp-admin/post.php?post=1885&action=edit
[Mon Apr 29 12:49:14.763188 2024] [fcgid:warn] [pid 2293983:tid 121347556484864] [remote 82.40.67.87:57806] mod_fcgid: stderr: #12 /home/dh_tru4rg/t13.cjmoseley.co.uk/wp-includes/rest-api/class-wp-rest-server.php(439): WP_REST_Server->dispatch(Object(WP_REST_Request)), referer: https://t13.cjmoseley.co.uk/wp-admin/post.php?post=1885&action=edit
[Mon Apr 29 12:49:14.763190 2024] [fcgid:warn] [pid 2293983:tid 121347556484864] [remote 82.40.67.87:57806] mod_fcgid: stderr: #13 /home/dh_tru4rg/t13.cjmoseley.co.uk/wp-includes/rest-api.php(428): WP_REST_Server->serve_request('/wp/v2/rules/18...'), referer: https://t13.cjmoseley.co.uk/wp-admin/post.php?post=1885&action=edit
[Mon Apr 29 12:49:14.763192 2024] [fcgid:warn] [pid 2293983:tid 121347556484864] [remote 82.40.67.87:57806] mod_fcgid: stderr: #14 /home/dh_tru4rg/t13.cjmoseley.co.uk/wp-includes/class-wp-hook.php(324): rest_api_loaded(Object(WP)), referer: https://t13.cjmoseley.co.uk/wp-admin/post.php?post=1885&action=edit
[Mon Apr 29 12:49:14.763195 2024] [fcgid:warn] [pid 2293983:tid 121347556484864] [remote 82.40.67.87:57806] mod_fcgid: stderr: #15 /home/dh_tru4rg/t13.cjmoseley.co.uk/wp-includes/class-wp-hook.php(348): WP_Hook->apply_filters('', Array), referer: https://t13.cjmoseley.co.uk/wp-admin/post.php?post=1885&action=edit
[Mon Apr 29 12:49:14.763197 2024] [fcgid:warn] [pid 2293983:tid 121347556484864] [remote 82.40.67.87:57806] mod_fcgid: stderr: #16 /home/dh_tru4rg/t13.cjmoseley.co.uk/wp-includes/plugin.php(565): WP_Hook->do_action(Array), referer: https://t13.cjmoseley.co.uk/wp-admin/post.php?post=1885&action=edit
[Mon Apr 29 12:49:14.763199 2024] [fcgid:warn] [pid 2293983:tid 121347556484864] [remote 82.40.67.87:57806] mod_fcgid: stderr: #17 /home/dh_tru4rg/t13.cjmoseley.co.uk/wp-includes/class-wp.php(418): do_action_ref_array('parse_request', Array), referer: https://t13.cjmoseley.co.uk/wp-admin/post.php?post=1885&action=edit
[Mon Apr 29 12:49:14.763201 2024] [fcgid:warn] [pid 2293983:tid 121347556484864] [remote 82.40.67.87:57806] mod_fcgid: stderr: #18 /home/dh_tru4rg/t13.cjmoseley.co.uk/wp-includes/class-wp.php(813): WP->parse_request(''), referer: https://t13.cjmoseley.co.uk/wp-admin/post.php?post=1885&action=edit
[Mon Apr 29 12:49:14.763203 2024] [fcgid:warn] [pid 2293983:tid 121347556484864] [remote 82.40.67.87:57806] mod_fcgid: stderr: #19 /home/dh_tru4rg/t13.cjmoseley.co.uk/wp-includes/functions.php(1336): WP->main(''), referer: https://t13.cjmoseley.co.uk/wp-admin/post.php?post=1885&action=edit
[Mon Apr 29 12:49:14.763206 2024] [fcgid:warn] [pid 2293983:tid 121347556484864] [remote 82.40.67.87:57806] mod_fcgid: stderr: #20 /home/dh_tru4rg/t13.cjmoseley.co.uk/wp-blog-header.php(16): wp(), referer: https://t13.cjmoseley.co.uk/wp-admin/post.php?post=1885&action=edit
[Mon Apr 29 12:49:14.763208 2024] [fcgid:warn] [pid 2293983:tid 121347556484864] [remote 82.40.67.87:57806] mod_fcgid: stderr: #21 /home/dh_tru4rg/t13.cjmoseley.co.uk/index.php(17): require('/home/dh_tru4rg...'), referer: https://t13.cjmoseley.co.uk/wp-admin/post.php?post=1885&action=edit
[Mon Apr 29 12:49:14.763213 2024] [fcgid:warn] [pid 2293983:tid 121347556484864] [remote 82.40.67.87:57806] mod_fcgid: stderr: #22 {main}, referer: https://t13.cjmoseley.co.uk/wp-admin/post.php?post=1885&action=edit
[Mon Apr 29 12:49:14.763215 2024] [fcgid:warn] [pid 2293983:tid 121347556484864] [remote 82.40.67.87:57806] mod_fcgid: stderr:   thrown in /home/dh_tru4rg/t13.cjmoseley.co.uk/wp-content/plugins/t13ne/includes/class-t13-ne-cards.php on line 2192, referer: https://t13.cjmoseley.co.uk/wp-admin/post.php?post=1885&action=edit
[Mon Apr 29 12:49:15.745346 2024] [fcgid:warn] [pid 2293983:tid 121338587629312] [client 173.236.246.240:42450] mod_fcgid: stderr: setting hooks for activation sna deactivation
[Mon Apr 29 12:49:15.794185 2024] [fcgid:warn] [pid 2293983:tid 121340055418624] [client 173.236.246.240:42460] mod_fcgid: stderr: setting hooks for activation sna deactivation
[Mon Apr 29 12:49:19.931799 2024] [fcgid:warn] [pid 2293983:tid 121348464523008] [remote 82.40.67.87:57806] mod_fcgid: stderr: setting hooks for activation sna deactivation, referer: https://t13.cjmoseley.co.uk/wp-admin/post.php?post=14&action=edit
[Mon Apr 29 12:49:23.821218 2024] [fcgid:warn] [pid 2293983:tid 121345003841280] [client 173.236.246.240:33442] mod_fcgid: stderr: setting hooks for activation sna deactivation
[Mon Apr 29 12:49:23.887061 2024] [fcgid:warn] [pid 2293983:tid 121348331423488] [remote 82.40.67.87:57806] mod_fcgid: stderr: setting hooks for activation sna deactivation, referer: https://t13.cjmoseley.co.uk/wp-admin/post.php?post=1885&action=edit
[Mon Apr 29 12:49:23.887126 2024] [fcgid:warn] [pid 2293983:tid 121348331423488] [remote 82.40.67.87:57806] mod_fcgid: stderr: underOver, referer: https://t13.cjmoseley.co.uk/wp-admin/post.php?post=1885&action=edit
[Mon Apr 29 12:49:25.277209 2024] [fcgid:warn] [pid 2293983:tid 121336441186048] [client 173.236.246.240:33446] mod_fcgid: stderr: setting hooks for activation sna deactivation
[Mon Apr 29 12:49:29.956140 2024] [fcgid:warn] [pid 2293983:tid 121347778995968] [remote 82.40.67.87:57806] mod_fcgid: stderr: setting hooks for activation sna deactivation, referer: https://t13.cjmoseley.co.uk/wp-admin/post.php?post=24&action=edit
[Mon Apr 29 12:49:38.661541 2024] [fcgid:warn] [pid 2293983:tid 121340188616448] [client 173.236.246.240:44438] mod_fcgid: stderr: setting hooks for activation sna deactivation
[Mon Apr 29 12:49:38.749978 2024] [fcgid:warn] [pid 2293983:tid 121347190818560] [remote 82.40.67.87:57818] mod_fcgid: stderr: setting hooks for activation sna deactivation, referer: https://t13.cjmoseley.co.uk/wp-admin/post.php?post=1885&action=edit
[Mon Apr 29 12:49:39.546664 2024] [fcgid:warn] [pid 2293983:tid 121347146262272] [remote 82.40.67.87:57818] mod_fcgid: stderr: setting hooks for activation sna deactivation, referer: https://t13.cjmoseley.co.uk/?post_type=rules&p=1885&preview=true
[Mon Apr 29 12:49:39.631138 2024] [fcgid:warn] [pid 2293983:tid 121347199719168] [remote 82.40.67.87:57818] mod_fcgid: stderr: setting hooks for activation sna deactivation, referer: https://t13.cjmoseley.co.uk/?post_type=rules&p=1885&preview=true
[Mon Apr 29 12:50:14.153536 2024] [fcgid:warn] [pid 2293983:tid 121341147256576] [client 173.236.246.240:50808] mod_fcgid: stderr: setting hooks for activation sna deactivation
[Mon Apr 29 12:50:14.191681 2024] [fcgid:warn] [pid 2293983:tid 121347278370560] [remote 82.40.67.87:57832] mod_fcgid: stderr: setting hooks for activation sna deactivation, referer: https://t13.cjmoseley.co.uk/wp-admin/post.php?post=1885&action=edit
[Mon Apr 29 12:50:26.166805 2024] [fcgid:warn] [pid 2293983:tid 121348331423488] [remote 82.40.67.87:57834] mod_fcgid: stderr: setting hooks for activation sna deactivation, referer: https://t13.cjmoseley.co.uk/wp-admin/post.php?post=49&action=edit
[Mon Apr 29 12:50:30.950909 2024] [fcgid:warn] [pid 2293983:tid 121348136961792] [remote 82.40.67.87:57834] mod_fcgid: stderr: setting hooks for activation sna deactivation, referer: https://t13.cjmoseley.co.uk/wp-admin/edit.php?post_type=rules&paged=1
[Mon Apr 29 12:50:38.168735 2024] [fcgid:warn] [pid 2293983:tid 121347869038336] [remote 82.40.67.87:57844] mod_fcgid: stderr: setting hooks for activation sna deactivation, referer: https://t13.cjmoseley.co.uk/wp-admin/post.php?post=8&action=edit
[Mon Apr 29 12:50:54.316001 2024] [fcgid:warn] [pid 2293983:tid 121347306239744] [remote 82.40.67.87:57851] mod_fcgid: stderr: setting hooks for activation sna deactivation, referer: https://t13.cjmoseley.co.uk/wp-admin/site-editor.php?canvas=edit
[Mon Apr 29 12:51:21.760587 2024] [fcgid:warn] [pid 2293983:tid 121334812694272] [client 173.236.246.240:36044] mod_fcgid: stderr: setting hooks for activation sna deactivation
[Mon Apr 29 12:51:21.793729 2024] [fcgid:warn] [pid 2293983:tid 121347877594880] [remote 82.40.67.87:57861] mod_fcgid: stderr: setting hooks for activation sna deactivation, referer: https://t13.cjmoseley.co.uk/wp-admin/post.php?post=14&action=edit
[Mon Apr 29 12:51:31.167147 2024] [fcgid:warn] [pid 2293983:tid 121347287598848] [remote 82.40.67.87:57867] mod_fcgid: stderr: setting hooks for activation sna deactivation, referer: https://t13.cjmoseley.co.uk/wp-admin/post.php?post=24&action=edit
[Mon Apr 29 12:52:13.985792 2024] [fcgid:warn] [pid 2293983:tid 121341766035200] [client 173.236.246.240:33682] mod_fcgid: stderr: setting hooks for activation sna deactivation
[Mon Apr 29 12:52:14.027010 2024] [fcgid:warn] [pid 2293983:tid 121347939596032] [remote 82.40.67.87:57888] mod_fcgid: stderr: setting hooks for activation sna deactivation, referer: https://t13.cjmoseley.co.uk/wp-admin/post.php?post=1885&action=edit
[Mon Apr 29 12:52:27.167471 2024] [fcgid:warn] [pid 2293983:tid 121347734525696] [remote 82.40.67.87:57892] mod_fcgid: stderr: setting hooks for activation sna deactivation, referer: https://t13.cjmoseley.co.uk/wp-admin/post.php?post=49&action=edit
[Mon Apr 29 12:52:31.929234 2024] [fcgid:warn] [pid 2293983:tid 121347431671552] [remote 82.40.67.87:57892] mod_fcgid: stderr: setting hooks for activation sna deactivation, referer: https://t13.cjmoseley.co.uk/wp-admin/edit.php?post_type=rules&paged=1
[Mon Apr 29 12:52:39.125198 2024] [fcgid:warn] [pid 2293983:tid 121348385830656] [remote 82.40.67.87:57897] mod_fcgid: stderr: setting hooks for activation sna deactivation, referer: https://t13.cjmoseley.co.uk/wp-admin/post.php?post=8&action=edit
[Mon Apr 29 12:52:55.107646 2024] [fcgid:warn] [pid 2293983:tid 121347725084416] [remote 82.40.67.87:57901] mod_fcgid: stderr: setting hooks for activation sna deactivation, referer: https://t13.cjmoseley.co.uk/wp-admin/site-editor.php?canvas=edit
[Mon Apr 29 12:54:14.684759 2024] [fcgid:warn] [pid 2293983:tid 121347734525696] [remote 82.40.67.87:57933] mod_fcgid: stderr: setting hooks for activation sna deactivation, referer: https://t13.cjmoseley.co.uk/wp-admin/post.php?post=1885&action=edit
[Mon Apr 29 12:54:15.181256 2024] [fcgid:warn] [pid 2293983:tid 121347110610688] [client 173.236.246.240:41338] mod_fcgid: stderr: setting hooks for activation sna deactivation
[Mon Apr 29 12:54:29.162407 2024] [fcgid:warn] [pid 2293983:tid 121348590339840] [remote 82.40.67.87:57938] mod_fcgid: stderr: setting hooks for activation sna deactivation, referer: https://t13.cjmoseley.co.uk/wp-admin/post.php?post=49&action=edit
[Mon Apr 29 12:54:30.131574 2024] [fcgid:warn] [pid 2293983:tid 121337488013056] [client 173.236.246.240:44376] mod_fcgid: stderr: setting hooks for activation sna deactivation
[Mon Apr 29 12:54:32.963048 2024] [fcgid:warn] [pid 2293983:tid 121348251805440] [remote 82.40.67.87:57938] mod_fcgid: stderr: setting hooks for activation sna deactivation, referer: https://t13.cjmoseley.co.uk/wp-admin/edit.php?post_type=rules&paged=1
[Mon Apr 29 12:54:40.112920 2024] [fcgid:warn] [pid 2293983:tid 121348128249600] [remote 82.40.67.87:57941] mod_fcgid: stderr: setting hooks for activation sna deactivation, referer: https://t13.cjmoseley.co.uk/wp-admin/post.php?post=8&action=edit
[Mon Apr 29 12:54:56.139854 2024] [fcgid:warn] [pid 2293983:tid 121347349358336] [remote 82.40.67.87:57946] mod_fcgid: stderr: setting hooks for activation sna deactivation, referer: https://t13.cjmoseley.co.uk/wp-admin/site-editor.php?canvas=edit
[Mon Apr 29 12:55:13.689758 2024] [fcgid:warn] [pid 2293983:tid 121348028544768] [remote 82.40.67.87:57952] mod_fcgid: stderr: setting hooks for activation sna deactivation, referer: https://t13.cjmoseley.co.uk/wp-admin/post.php?post=1885&action=edit
[Mon Apr 29 12:55:14.116741 2024] [fcgid:warn] [pid 2293983:tid 121345575900928] [client 173.236.246.240:60816] mod_fcgid: stderr: setting hooks for activation sna deactivation
[Mon Apr 29 12:55:14.179944 2024] [fcgid:warn] [pid 2293983:tid 121348190639872] [remote 82.40.67.87:57952] mod_fcgid: stderr: setting hooks for activation sna deactivation, referer: https://t13.cjmoseley.co.uk/wp-admin/post.php?post=1885&action=edit
[Mon Apr 29 12:55:14.180007 2024] [fcgid:warn] [pid 2293983:tid 121348190639872] [remote 82.40.67.87:57952] mod_fcgid: stderr: underOver, referer: https://t13.cjmoseley.co.uk/wp-admin/post.php?post=1885&action=edit
[Mon Apr 29 12:55:15.238026 2024] [fcgid:warn] [pid 2293983:tid 121346113046272] [client 173.236.246.240:60830] mod_fcgid: stderr: setting hooks for activation sna deactivation
[Mon Apr 29 12:56:13.945510 2024] [fcgid:warn] [pid 2293983:tid 121348243007232] [remote 82.40.67.87:57972] mod_fcgid: stderr: setting hooks for activation sna deactivation, referer: https://t13.cjmoseley.co.uk/wp-admin/post.php?post=1885&action=edit
[Mon Apr 29 12:56:14.923768 2024] [fcgid:warn] [pid 2293983:tid 121348136961792] [remote 82.40.67.87:57972] mod_fcgid: stderr: setting hooks for activation sna deactivation, referer: https://t13.cjmoseley.co.uk/wp-admin/post.php?post=1885&action=edit
[Mon Apr 29 12:56:15.414822 2024] [fcgid:warn] [pid 2293983:tid 121340161808128] [client 173.236.246.240:45568] mod_fcgid: stderr: setting hooks for activation sna deactivation
[Mon Apr 29 12:56:15.989625 2024] [fcgid:warn] [pid 2293983:tid 121341237372672] [client 173.236.246.240:45556] mod_fcgid: stderr: setting hooks for activation sna deactivation
[Mon Apr 29 12:56:29.151656 2024] [fcgid:warn] [pid 2293983:tid 121347235055360] [remote 82.40.67.87:57977] mod_fcgid: stderr: setting hooks for activation sna deactivation, referer: https://t13.cjmoseley.co.uk/wp-admin/post.php?post=49&action=edit
[Mon Apr 29 12:56:33.910458 2024] [fcgid:warn] [pid 2293983:tid 121348385830656] [remote 82.40.67.87:57977] mod_fcgid: stderr: setting hooks for activation sna deactivation, referer: https://t13.cjmoseley.co.uk/wp-admin/edit.php?post_type=rules&paged=1
[Mon Apr 29 12:56:41.157309 2024] [fcgid:warn] [pid 2293983:tid 121348136961792] [remote 82.40.67.87:57981] mod_fcgid: stderr: setting hooks for activation sna deactivation, referer: https://t13.cjmoseley.co.uk/wp-admin/post.php?post=8&action=edit
[Mon Apr 29 12:56:57.118653 2024] [fcgid:warn] [pid 2293983:tid 121348394366720] [remote 82.40.67.87:57986] mod_fcgid: stderr: setting hooks for activation sna deactivation, referer: https://t13.cjmoseley.co.uk/wp-admin/site-editor.php?canvas=edit
[Mon Apr 29 12:57:13.733510 2024] [fcgid:warn] [pid 2293983:tid 121347503326976] [remote 82.40.67.87:57995] mod_fcgid: stderr: setting hooks for activation sna deactivation, referer: https://t13.cjmoseley.co.uk/wp-admin/post.php?post=1885&action=edit
[Mon Apr 29 12:57:14.686102 2024] [fcgid:warn] [pid 2293983:tid 121347485447936] [remote 82.40.67.87:57995] mod_fcgid: stderr: setting hooks for activation sna deactivation, referer: https://t13.cjmoseley.co.uk/wp-admin/post.php?post=1885&action=edit
[Mon Apr 29 12:57:15.179314 2024] [fcgid:warn] [pid 2293983:tid 121338006992640] [client 173.236.246.240:55294] mod_fcgid: stderr: setting hooks for activation sna deactivation
[Mon Apr 29 12:57:15.751648 2024] [fcgid:warn] [pid 2293983:tid 121335904003840] [client 173.236.246.240:55306] mod_fcgid: stderr: setting hooks for activation sna deactivation
[Mon Apr 29 12:58:13.739439 2024] [fcgid:warn] [pid 2293983:tid 121348546447104] [remote 82.40.67.87:58013] mod_fcgid: stderr: setting hooks for activation sna deactivation, referer: https://t13.cjmoseley.co.uk/wp-admin/post.php?post=1885&action=edit
[Mon Apr 29 12:58:14.135427 2024] [fcgid:warn] [pid 2293983:tid 121341818189568] [client 173.236.246.240:55102] mod_fcgid: stderr: setting hooks for activation sna deactivation
[Mon Apr 29 12:58:14.198696 2024] [fcgid:warn] [pid 2293983:tid 121348464523008] [remote 82.40.67.87:58013] mod_fcgid: stderr: setting hooks for activation sna deactivation, referer: https://t13.cjmoseley.co.uk/wp-admin/post.php?post=1885&action=edit
[Mon Apr 29 12:58:15.232663 2024] [fcgid:warn] [pid 2293983:tid 121341110863616] [client 173.236.246.240:55114] mod_fcgid: stderr: setting hooks for activation sna deactivation
[Mon Apr 29 12:58:30.138553 2024] [fcgid:warn] [pid 2293983:tid 121348118935296] [remote 82.40.67.87:58021] mod_fcgid: stderr: setting hooks for activation sna deactivation, referer: https://t13.cjmoseley.co.uk/wp-admin/post.php?post=49&action=edit
[Mon Apr 29 12:58:34.928296 2024] [fcgid:warn] [pid 2293983:tid 121347886204672] [remote 82.40.67.87:58021] mod_fcgid: stderr: setting hooks for activation sna deactivation, referer: https://t13.cjmoseley.co.uk/wp-admin/edit.php?post_type=rules&paged=1
[Mon Apr 29 12:58:42.131716 2024] [fcgid:warn] [pid 2293983:tid 121347851278080] [remote 82.40.67.87:58025] mod_fcgid: stderr: setting hooks for activation sna deactivation, referer: https://t13.cjmoseley.co.uk/wp-admin/post.php?post=8&action=edit
[Mon Apr 29 12:58:58.078989 2024] [fcgid:warn] [pid 2293983:tid 121347287598848] [remote 82.40.67.87:58031] mod_fcgid: stderr: setting hooks for activation sna deactivation, referer: https://t13.cjmoseley.co.uk/wp-admin/site-editor.php?canvas=edit
[Mon Apr 29 12:59:14.753480 2024] [fcgid:warn] [pid 2293983:tid 121348260587264] [remote 82.40.67.87:58036] mod_fcgid: stderr: setting hooks for activation sna deactivation, referer: https://t13.cjmoseley.co.uk/wp-admin/post.php?post=1885&action=edit
[Mon Apr 29 12:59:14.769972 2024] [fcgid:warn] [pid 2293983:tid 121348216944384] [remote 82.40.67.87:58036] mod_fcgid: stderr: setting hooks for activation sna deactivation, referer: https://t13.cjmoseley.co.uk/wp-admin/post.php?post=1885&action=edit
[Mon Apr 29 12:59:14.770039 2024] [fcgid:warn] [pid 2293983:tid 121348216944384] [remote 82.40.67.87:58036] mod_fcgid: stderr: underOver, referer: https://t13.cjmoseley.co.uk/wp-admin/post.php?post=1885&action=edit
[Mon Apr 29 12:59:14.770043 2024] [fcgid:warn] [pid 2293983:tid 121348216944384] [remote 82.40.67.87:58036] mod_fcgid: stderr: underOver, referer: https://t13.cjmoseley.co.uk/wp-admin/post.php?post=1885&action=edit
[Mon Apr 29 12:59:15.795528 2024] [fcgid:warn] [pid 2293983:tid 121335868864256] [client 173.236.246.240:34808] mod_fcgid: stderr: setting hooks for activation sna deactivation
[Mon Apr 29 12:59:15.814601 2024] [fcgid:warn] [pid 2293983:tid 121334830077696] [client 173.236.246.240:34818] mod_fcgid: stderr: setting hooks for activation sna deactivation
[Mon Apr 29 12:59:16.147988 2024] [fcgid:warn] [pid 2293983:tid 121345549694720] [client 173.236.246.240:34812] mod_fcgid: stderr: setting hooks for activation sna deactivation
[Mon Apr 29 13:00:13.778420 2024] [fcgid:warn] [pid 2293983:tid 121348190639872] [remote 82.40.67.87:58054] mod_fcgid: stderr: setting hooks for activation sna deactivation, referer: https://t13.cjmoseley.co.uk/wp-admin/post.php?post=1885&action=edit
[Mon Apr 29 13:00:13.778490 2024] [fcgid:warn] [pid 2293983:tid 121348190639872] [remote 82.40.67.87:58054] mod_fcgid: stderr: underOver, referer: https://t13.cjmoseley.co.uk/wp-admin/post.php?post=1885&action=edit
[Mon Apr 29 13:00:14.185429 2024] [fcgid:warn] [pid 2293983:tid 121346077574912] [client 173.236.246.240:33756] mod_fcgid: stderr: setting hooks for activation sna deactivation
[Mon Apr 29 13:00:14.222812 2024] [fcgid:warn] [pid 2293983:tid 121348172605184] [remote 82.40.67.87:58054] mod_fcgid: stderr: setting hooks for activation sna deactivation, referer: https://t13.cjmoseley.co.uk/wp-admin/post.php?post=1885&action=edit
[Mon Apr 29 13:00:15.879591 2024] [fcgid:warn] [pid 2293983:tid 121336405849856] [client 173.236.246.240:33764] mod_fcgid: stderr: setting hooks for activation sna deactivation
[Mon Apr 29 13:00:31.127386 2024] [fcgid:warn] [pid 2293983:tid 121347367544576] [remote 82.40.67.87:58057] mod_fcgid: stderr: setting hooks for activation sna deactivation, referer: https://t13.cjmoseley.co.uk/wp-admin/post.php?post=49&action=edit
[Mon Apr 29 13:00:35.953241 2024] [fcgid:warn] [pid 2293983:tid 121347431671552] [remote 82.40.67.87:58057] mod_fcgid: stderr: setting hooks for activation sna deactivation, referer: https://t13.cjmoseley.co.uk/wp-admin/edit.php?post_type=rules&paged=1
[Mon Apr 29 13:00:43.127206 2024] [fcgid:warn] [pid 2293983:tid 121348322612992] [remote 82.40.67.87:58066] mod_fcgid: stderr: setting hooks for activation sna deactivation, referer: https://t13.cjmoseley.co.uk/wp-admin/post.php?post=8&action=edit
[Mon Apr 29 13:00:59.119017 2024] [fcgid:warn] [pid 2293983:tid 121347984115456] [remote 82.40.67.87:58071] mod_fcgid: stderr: setting hooks for activation sna deactivation, referer: https://t13.cjmoseley.co.uk/wp-admin/site-editor.php?canvas=edit
[Mon Apr 29 13:01:14.936423 2024] [fcgid:warn] [pid 2293983:tid 121347547154176] [remote 82.40.67.87:58089] mod_fcgid: stderr: setting hooks for activation sna deactivation, referer: https://t13.cjmoseley.co.uk/wp-admin/post.php?post=1885&action=edit
[Mon Apr 29 13:01:14.996213 2024] [fcgid:warn] [pid 2293983:tid 121342300944128] [client 173.236.246.240:56874] mod_fcgid: stderr: setting hooks for activation sna deactivation
[Mon Apr 29 13:01:15.463538 2024] [fcgid:warn] [pid 2293983:tid 121344313353984] [client 173.236.246.240:56882] mod_fcgid: stderr: setting hooks for activation sna deactivation
[Mon Apr 29 13:01:15.482570 2024] [fcgid:warn] [pid 2293983:tid 121347476272896] [remote 82.40.67.87:58089] mod_fcgid: stderr: setting hooks for activation sna deactivation, referer: https://t13.cjmoseley.co.uk/wp-admin/post.php?post=1885&action=edit
[Mon Apr 29 13:01:16.918124 2024] [fcgid:warn] [pid 2293983:tid 121341254665984] [client 173.236.246.240:56894] mod_fcgid: stderr: setting hooks for activation sna deactivation
[Mon Apr 29 13:01:56.948190 2024] [fcgid:warn] [pid 2293983:tid 121348251805440] [remote 82.40.67.87:58096] mod_fcgid: stderr: setting hooks for activation sna deactivation, referer: https://t13.cjmoseley.co.uk/wp-admin/post.php?post=1885&action=edit
[Mon Apr 29 13:01:56.948253 2024] [fcgid:warn] [pid 2293983:tid 121348251805440] [remote 82.40.67.87:58096] mod_fcgid: stderr: underOver, referer: https://t13.cjmoseley.co.uk/wp-admin/post.php?post=1885&action=edit
[Mon Apr 29 13:01:58.341997 2024] [fcgid:warn] [pid 2293983:tid 121342857238272] [client 173.236.246.240:44808] mod_fcgid: stderr: setting hooks for activation sna deactivation
[Mon Apr 29 13:02:00.177488 2024] [fcgid:warn] [pid 2293983:tid 121348118935296] [remote 82.40.67.87:58096] mod_fcgid: stderr: setting hooks for activation sna deactivation, referer: https://t13.cjmoseley.co.uk/wp-admin/post.php?post=1885&action=edit
[Mon Apr 29 13:02:00.177554 2024] [fcgid:warn] [pid 2293983:tid 121348118935296] [remote 82.40.67.87:58096] mod_fcgid: stderr: underOver, referer: https://t13.cjmoseley.co.uk/wp-admin/post.php?post=1885&action=edit
[Mon Apr 29 13:02:01.182197 2024] [fcgid:warn] [pid 2293983:tid 121348172605184] [remote 82.40.67.87:58096] mod_fcgid: stderr: setting hooks for activation sna deactivation, referer: https://t13.cjmoseley.co.uk/?post_type=rules&p=1885&preview=true
[Mon Apr 29 13:02:01.248159 2024] [fcgid:warn] [pid 2293983:tid 121348046010112] [remote 82.40.67.87:58096] mod_fcgid: stderr: setting hooks for activation sna deactivation, referer: https://t13.cjmoseley.co.uk/?post_type=rules&p=1885&preview=true
[Mon Apr 29 13:02:16.666073 2024] [fcgid:warn] [pid 2293983:tid 121339134281472] [client 173.236.246.240:43324] mod_fcgid: stderr: setting hooks for activation sna deactivation
[Mon Apr 29 13:02:16.742985 2024] [fcgid:warn] [pid 2293983:tid 121347654960896] [remote 82.40.67.87:58112] mod_fcgid: stderr: setting hooks for activation sna deactivation, referer: https://t13.cjmoseley.co.uk/?post_type=rules&p=1885&preview=true
[Mon Apr 29 13:02:19.072698 2024] [fcgid:warn] [pid 2293983:tid 121348555130624] [remote 82.40.67.87:58112] mod_fcgid: stderr: setting hooks for activation sna deactivation, referer: https://t13.cjmoseley.co.uk/rules/card-guide/
[Mon Apr 29 13:02:21.727993 2024] [fcgid:warn] [pid 2293983:tid 121347269490432] [remote 82.40.67.87:58112] mod_fcgid: stderr: setting hooks for activation sna deactivation, referer: https://t13.cjmoseley.co.uk/rules/card-guide/
[Mon Apr 29 13:02:22.114424 2024] [fcgid:warn] [pid 2293983:tid 121347163580160] [remote 82.40.67.87:58112] mod_fcgid: stderr: setting hooks for activation sna deactivation, referer: https://t13.cjmoseley.co.uk/wp-admin/post.php?post=1885&action=edit
[Mon Apr 29 13:02:32.101014 2024] [fcgid:warn] [pid 2293983:tid 121348564248320] [remote 82.40.67.87:58117] mod_fcgid: stderr: setting hooks for activation sna deactivation, referer: https://t13.cjmoseley.co.uk/wp-admin/post.php?post=49&action=edit
[Mon Apr 29 13:02:36.930746 2024] [fcgid:warn] [pid 2293983:tid 121348339947264] [remote 82.40.67.87:58117] mod_fcgid: stderr: setting hooks for activation sna deactivation, referer: https://t13.cjmoseley.co.uk/wp-admin/edit.php?post_type=rules&paged=1
[Mon Apr 29 13:02:44.286995 2024] [fcgid:warn] [pid 2293983:tid 121347869038336] [remote 82.40.67.87:58123] mod_fcgid: stderr: setting hooks for activation sna deactivation, referer: https://t13.cjmoseley.co.uk/wp-admin/post.php?post=8&action=edit
[Mon Apr 29 13:04:23.901878 2024] [fcgid:warn] [pid 2293983:tid 121347824568064] [remote 82.40.67.87:58250] mod_fcgid: stderr: setting hooks for activation sna deactivation, referer: https://t13.cjmoseley.co.uk/wp-admin/post.php?post=1885&action=edit
[Mon Apr 29 13:04:24.995326 2024] [fcgid:warn] [pid 2293983:tid 121340046407424] [client 173.236.246.240:59346] mod_fcgid: stderr: setting hooks for activation sna deactivation
[Mon Apr 29 13:04:33.122495 2024] [fcgid:warn] [pid 2293983:tid 121347592931072] [remote 82.40.67.87:58259] mod_fcgid: stderr: setting hooks for activation sna deactivation, referer: https://t13.cjmoseley.co.uk/wp-admin/post.php?post=49&action=edit
[Mon Apr 29 13:04:37.923714 2024] [fcgid:warn] [pid 2293983:tid 121347226507008] [remote 82.40.67.87:58259] mod_fcgid: stderr: setting hooks for activation sna deactivation, referer: https://t13.cjmoseley.co.uk/wp-admin/edit.php?post_type=rules&paged=1
[Mon Apr 29 13:06:23.924121 2024] [fcgid:warn] [pid 2293983:tid 121347278370560] [remote 82.40.67.87:58302] mod_fcgid: stderr: setting hooks for activation sna deactivation, referer: https://t13.cjmoseley.co.uk/wp-admin/post.php?post=1885&action=edit
[Mon Apr 29 13:06:24.483539 2024] [fcgid:warn] [pid 2293983:tid 121343386048256] [client 173.236.246.240:55496] mod_fcgid: stderr: setting hooks for activation sna deactivation
[Mon Apr 29 13:06:34.139323 2024] [fcgid:warn] [pid 2293983:tid 121347137038080] [remote 82.40.67.87:58305] mod_fcgid: stderr: setting hooks for activation sna deactivation, referer: https://t13.cjmoseley.co.uk/wp-admin/post.php?post=49&action=edit
[Mon Apr 29 13:06:38.905735 2024] [fcgid:warn] [pid 2293983:tid 121348296292096] [remote 82.40.67.87:58305] mod_fcgid: stderr: setting hooks for activation sna deactivation, referer: https://t13.cjmoseley.co.uk/wp-admin/edit.php?post_type=rules&paged=1
[Mon Apr 29 13:08:24.140473 2024] [fcgid:warn] [pid 2293983:tid 121348314076928] [remote 82.40.67.87:58338] mod_fcgid: stderr: setting hooks for activation sna deactivation, referer: https://t13.cjmoseley.co.uk/wp-admin/post.php?post=1885&action=edit
[Mon Apr 29 13:08:24.751472 2024] [fcgid:warn] [pid 2293983:tid 121338006992640] [client 173.236.246.240:41046] mod_fcgid: stderr: setting hooks for activation sna deactivation
[Mon Apr 29 13:08:35.105900 2024] [fcgid:warn] [pid 2293983:tid 121348635395840] [remote 82.40.67.87:58350] mod_fcgid: stderr: setting hooks for activation sna deactivation, referer: https://t13.cjmoseley.co.uk/wp-admin/post.php?post=49&action=edit
[Mon Apr 29 13:08:39.908321 2024] [fcgid:warn] [pid 2293983:tid 121348199794432] [remote 82.40.67.87:58350] mod_fcgid: stderr: setting hooks for activation sna deactivation, referer: https://t13.cjmoseley.co.uk/wp-admin/edit.php?post_type=rules&paged=1
[Mon Apr 29 13:09:23.379733 2024] [fcgid:warn] [pid 2293983:tid 121347538511616] [remote 82.40.67.87:58366] mod_fcgid: stderr: setting hooks for activation sna deactivation, referer: https://t13.cjmoseley.co.uk/wp-admin/post.php?post=1885&action=edit
[Mon Apr 29 13:09:23.815642 2024] [fcgid:warn] [pid 2293983:tid 121345566934784] [client 173.236.246.240:55834] mod_fcgid: stderr: setting hooks for activation sna deactivation
[Mon Apr 29 13:10:37.176530 2024] [fcgid:warn] [pid 2293983:tid 121347699586816] [remote 82.40.67.87:58388] mod_fcgid: stderr: setting hooks for activation sna deactivation, referer: https://t13.cjmoseley.co.uk/wp-admin/post.php?post=49&action=edit
[Mon Apr 29 13:10:37.733387 2024] [fcgid:warn] [pid 2293983:tid 121339134281472] [client 173.236.246.240:36906] mod_fcgid: stderr: setting hooks for activation sna deactivation
[Mon Apr 29 13:10:40.935000 2024] [fcgid:warn] [pid 2293983:tid 121347269490432] [remote 82.40.67.87:58388] mod_fcgid: stderr: setting hooks for activation sna deactivation, referer: https://t13.cjmoseley.co.uk/wp-admin/edit.php?post_type=rules&paged=1
[Mon Apr 29 13:11:16.716968 2024] [fcgid:warn] [pid 2293983:tid 121347467130624] [remote 82.40.67.87:58402] mod_fcgid: stderr: setting hooks for activation sna deactivation, referer: https://t13.cjmoseley.co.uk/wp-admin/post.php?post=1885&action=edit
[Mon Apr 29 13:11:17.158377 2024] [fcgid:warn] [pid 2293983:tid 121346680727296] [client 173.236.246.240:41808] mod_fcgid: stderr: setting hooks for activation sna deactivation
[Mon Apr 29 13:12:16.769786 2024] [fcgid:warn] [pid 2293983:tid 121347760576256] [remote 82.40.67.87:58424] mod_fcgid: stderr: setting hooks for activation sna deactivation, referer: https://t13.cjmoseley.co.uk/wp-admin/post.php?post=1885&action=edit
[Mon Apr 29 13:12:17.288338 2024] [fcgid:warn] [pid 2293983:tid 121340073785088] [client 173.236.246.240:41708] mod_fcgid: stderr: setting hooks for activation sna deactivation
[Mon Apr 29 13:12:22.951323 2024] [fcgid:warn] [pid 2293983:tid 121347654960896] [remote 82.40.67.87:58428] mod_fcgid: stderr: setting hooks for activation sna deactivation, referer: https://t13.cjmoseley.co.uk/wp-admin/post.php?post=1885&action=edit
[Mon Apr 29 13:12:25.047770 2024] [fcgid:warn] [pid 2293983:tid 121345522677504] [client 173.236.246.240:38828] mod_fcgid: stderr: setting hooks for activation sna deactivation
[Mon Apr 29 13:12:37.093593 2024] [fcgid:warn] [pid 2293983:tid 121348519470848] [remote 82.40.67.87:58432] mod_fcgid: stderr: setting hooks for activation sna deactivation, referer: https://t13.cjmoseley.co.uk/wp-admin/post.php?post=49&action=edit
